Name:      docker.io/library/image:latest
MediaType: mediatype/manifest
Digest:    sha256:abcdef

Config:
  MediaType: mediatype/config
  Size:      123B
  Digest:    sha256:beef

Layers:
  MediaType: mediatype/layer
  Size:      456B
  Digest:    sha256:c0ffee
